admin.auditor_group = 
admin.contact_email = 
admin.disable_grace_period = 168h
admin.disabled_message = 
admin.require_group = 
authentication.client_id = 
authentication.client_secret = 
authentication.fields.email = email
authentication.fields.groups = groups
authentication.fields.other_accounts = 
authentication.fields.service_accounts = 
authentication.fields.username = preferred_username
authentication.provider_url = 
authentication.scopes = profile email
branding.login_notice = 
branding.logo_path = 
branding.org_name = 
cert_options.client_timeout = 5m
cert_options.pam.extensions = []
cert_options.pam.key_id_template = 
cert_options.pam.require_group = 
cert_options.pam.valid_duration = 30s
cert_options.service.enrollment_duration = 8760h
cert_options.service.extensions = []
cert_options.service.key_id_template = 
cert_options.service.require_group = 
cert_options.service.valid_duration = 8760h
cert_options.user.extensions[0] = permit-pty
cert_options.user.extensions[1] = permit-user-rc
cert_options.user.key_id_template = 
cert_options.user.require_group = 
cert_options.user.valid_duration = 30s
db.conn_max_lifetime = 0
db.connection_string = ssoossh.db
db.logging.add_source = false
db.logging.level = WARN
db.logging.log_json = false
db.max_idle_conns = 5
db.max_open_conns = 10
db.provider = sqlite
db.retry_attempts = 3
db.retry_interval = 3s
http.access_logging.log_client_ip = true
http.access_logging.log_request_body = false
http.access_logging.log_request_header = true
http.access_logging.log_request_id = false
http.access_logging.log_response_body = false
http.access_logging.log_response_header = false
http.access_logging.log_span_id = false
http.access_logging.log_trace_id = false
http.access_logging.log_user_agent = true
http.address = 127.0.0.1
http.cert_request_rate_limit.pam = 10
http.cert_request_rate_limit.service_enroll = 5
http.cert_request_rate_limit.user = 10
http.cookie_idle_timeout = 30m
http.cookie_key = 
http.cookie_max_age = 9h
http.cookie_same_site = strict
http.cookie_secure = <nil>
http.hsts = max-age=31536000; includeSubDomains
http.port = 8080
http.proxy_protocol = []
http.rate_duration = 1m
http.rate_limit = 60
http.rate_limit_disable_for_dev = false
http.server_name = 
http.service_code_rate_limit.limit = 1
http.tls.cipher_suites = []
http.tls.curves = []
http.tls.min_version = TLS1.3
http.tls.reload_interval = 0
http.trusted_proxies = []
http.unix_socket = 
ldap.base_dn = 
ldap.bind_dn = 
ldap.bind_password = 
ldap.enabled = false
ldap.url = 
ldap.user_filter = 
logging.include_app_name = true
logging.include_app_version = true
logging.level = WARN
logging.log_json = false
mail.enabled = false
mail.from = 
mail.logging.level = info
mail.smtp.auth = none
mail.smtp.host = localhost
mail.smtp.insecure_skip_verify = false
mail.smtp.port = 25
mail.smtp.timeout = 15s
mail.smtp.tls = opportunistic
mail.subject_prefix = 
max_cert_lifetime = 2160h
max_service_cert_lifetime = 17544h
metrics = false
multi_instance = false
production = true
pubsub.backend = gochannel
pubsub.nats.ca_file = 
pubsub.nats.cert_file = 
pubsub.nats.key_file = 
pubsub.nats.url = 
traces = false
