mode: set
github.com/mnestor/ssoossh/pam_ssoossh/args.go:45.38,47.25 2 1
github.com/mnestor/ssoossh/pam_ssoossh/args.go:47.25,50.16 2 1
github.com/mnestor/ssoossh/pam_ssoossh/args.go:50.16,51.12 1 1
github.com/mnestor/ssoossh/pam_ssoossh/args.go:53.3,53.15 1 1
github.com/mnestor/ssoossh/pam_ssoossh/args.go:53.15,55.4 1 1
github.com/mnestor/ssoossh/pam_ssoossh/args.go:55.9,58.4 1 1
github.com/mnestor/ssoossh/pam_ssoossh/args.go:61.2,72.39 2 1
github.com/mnestor/ssoossh/pam_ssoossh/args.go:73.19,74.17 1 1
github.com/mnestor/ssoossh/pam_ssoossh/args.go:75.16,76.23 1 1
github.com/mnestor/ssoossh/pam_ssoossh/args.go:77.10,78.21 1 1
github.com/mnestor/ssoossh/pam_ssoossh/args.go:81.2,81.46 1 1
github.com/mnestor/ssoossh/pam_ssoossh/args.go:81.46,83.3 1 1
github.com/mnestor/ssoossh/pam_ssoossh/args.go:85.2,88.12 3 1
github.com/mnestor/ssoossh/pam_ssoossh/args.go:93.97,95.9 2 1
github.com/mnestor/ssoossh/pam_ssoossh/args.go:95.9,97.3 1 1
github.com/mnestor/ssoossh/pam_ssoossh/args.go:98.2,99.16 2 1
github.com/mnestor/ssoossh/pam_ssoossh/args.go:99.16,101.3 1 1
github.com/mnestor/ssoossh/pam_ssoossh/args.go:102.2,102.10 1 1
github.com/mnestor/ssoossh/pam_ssoossh/auth.go:25.109,28.22 1 1
github.com/mnestor/ssoossh/pam_ssoossh/auth.go:28.22,30.3 1 1
github.com/mnestor/ssoossh/pam_ssoossh/auth.go:31.2,31.29 1 1
github.com/mnestor/ssoossh/pam_ssoossh/auth.go:31.29,33.3 1 1
github.com/mnestor/ssoossh/pam_ssoossh/auth.go:34.2,35.16 2 1
github.com/mnestor/ssoossh/pam_ssoossh/auth.go:35.16,37.3 1 1
github.com/mnestor/ssoossh/pam_ssoossh/auth.go:39.2,43.16 2 1
github.com/mnestor/ssoossh/pam_ssoossh/auth.go:43.16,46.3 1 0
github.com/mnestor/ssoossh/pam_ssoossh/auth.go:51.2,53.16 3 1
github.com/mnestor/ssoossh/pam_ssoossh/auth.go:53.16,55.3 1 0
github.com/mnestor/ssoossh/pam_ssoossh/auth.go:56.2,57.16 2 1
github.com/mnestor/ssoossh/pam_ssoossh/auth.go:57.16,59.3 1 0
github.com/mnestor/ssoossh/pam_ssoossh/auth.go:60.2,65.16 3 1
github.com/mnestor/ssoossh/pam_ssoossh/auth.go:65.16,67.3 1 1
github.com/mnestor/ssoossh/pam_ssoossh/auth.go:69.2,69.113 1 1
github.com/mnestor/ssoossh/pam_ssoossh/auth.go:69.113,74.3 1 1
github.com/mnestor/ssoossh/pam_ssoossh/auth.go:75.2,78.16 3 1
github.com/mnestor/ssoossh/pam_ssoossh/auth.go:78.16,80.3 1 1
github.com/mnestor/ssoossh/pam_ssoossh/auth.go:82.2,83.16 2 1
github.com/mnestor/ssoossh/pam_ssoossh/auth.go:83.16,85.3 1 1
github.com/mnestor/ssoossh/pam_ssoossh/auth.go:87.2,87.63 1 1
github.com/mnestor/ssoossh/pam_ssoossh/auth.go:87.63,89.3 1 1
github.com/mnestor/ssoossh/pam_ssoossh/auth.go:90.2,92.50 2 1
github.com/mnestor/ssoossh/pam_ssoossh/auth.go:92.50,94.3 1 1
github.com/mnestor/ssoossh/pam_ssoossh/auth.go:95.2,95.50 1 1
github.com/mnestor/ssoossh/pam_ssoossh/auth.go:95.50,97.3 1 1
github.com/mnestor/ssoossh/pam_ssoossh/auth.go:98.2,98.74 1 1
github.com/mnestor/ssoossh/pam_ssoossh/auth.go:98.74,100.3 1 1
github.com/mnestor/ssoossh/pam_ssoossh/auth.go:101.2,101.81 1 1
github.com/mnestor/ssoossh/pam_ssoossh/auth.go:101.81,103.3 1 1
github.com/mnestor/ssoossh/pam_ssoossh/auth.go:105.2,105.24 1 1
github.com/mnestor/ssoossh/pam_ssoossh/auth.go:114.77,115.19 1 1
github.com/mnestor/ssoossh/pam_ssoossh/auth.go:115.19,117.3 1 1
github.com/mnestor/ssoossh/pam_ssoossh/auth.go:119.2,119.23 1 1
github.com/mnestor/ssoossh/pam_ssoossh/auth.go:120.26,121.31 1 1
github.com/mnestor/ssoossh/pam_ssoossh/auth.go:121.31,123.4 1 1
github.com/mnestor/ssoossh/pam_ssoossh/auth.go:124.3,124.45 1 1
github.com/mnestor/ssoossh/pam_ssoossh/auth.go:125.24,126.62 1 1
github.com/mnestor/ssoossh/pam_ssoossh/auth.go:127.25,128.85 1 1
github.com/mnestor/ssoossh/pam_ssoossh/auth.go:129.24,135.80 1 1
github.com/mnestor/ssoossh/pam_ssoossh/auth.go:136.10,137.101 1 1
github.com/mnestor/ssoossh/pam_ssoossh/auth.go:152.51,153.9 1 1
github.com/mnestor/ssoossh/pam_ssoossh/auth.go:154.48,155.75 1 1
github.com/mnestor/ssoossh/pam_ssoossh/auth.go:156.40,157.75 1 1
github.com/mnestor/ssoossh/pam_ssoossh/auth.go:158.10,159.87 1 1
github.com/mnestor/ssoossh/pam_ssoossh/checks.go:22.60,24.16 2 1
github.com/mnestor/ssoossh/pam_ssoossh/checks.go:24.16,26.3 1 1
github.com/mnestor/ssoossh/pam_ssoossh/checks.go:28.2,29.20 2 1
github.com/mnestor/ssoossh/pam_ssoossh/checks.go:29.20,31.17 2 1
github.com/mnestor/ssoossh/pam_ssoossh/checks.go:31.17,33.4 1 1
github.com/mnestor/ssoossh/pam_ssoossh/checks.go:34.3,35.14 2 1
github.com/mnestor/ssoossh/pam_ssoossh/checks.go:37.2,37.19 1 1
github.com/mnestor/ssoossh/pam_ssoossh/checks.go:37.19,39.3 1 1
github.com/mnestor/ssoossh/pam_ssoossh/checks.go:40.2,40.17 1 1
github.com/mnestor/ssoossh/pam_ssoossh/checks.go:48.74,49.25 1 1
github.com/mnestor/ssoossh/pam_ssoossh/checks.go:49.25,50.22 1 1
github.com/mnestor/ssoossh/pam_ssoossh/checks.go:50.22,52.4 1 1
github.com/mnestor/ssoossh/pam_ssoossh/checks.go:54.2,54.64 1 1
github.com/mnestor/ssoossh/pam_ssoossh/checks.go:63.75,64.21 1 1
github.com/mnestor/ssoossh/pam_ssoossh/checks.go:64.21,66.3 1 1
github.com/mnestor/ssoossh/pam_ssoossh/checks.go:67.2,67.61 1 1
github.com/mnestor/ssoossh/pam_ssoossh/checks.go:67.61,69.3 1 1
github.com/mnestor/ssoossh/pam_ssoossh/checks.go:70.2,70.12 1 1
github.com/mnestor/ssoossh/pam_ssoossh/checks.go:84.76,85.19 1 1
github.com/mnestor/ssoossh/pam_ssoossh/checks.go:85.19,86.64 1 1
github.com/mnestor/ssoossh/pam_ssoossh/checks.go:86.64,87.50 1 1
github.com/mnestor/ssoossh/pam_ssoossh/checks.go:87.50,89.5 1 1
github.com/mnestor/ssoossh/pam_ssoossh/checks.go:90.4,90.14 1 1
github.com/mnestor/ssoossh/pam_ssoossh/checks.go:94.2,94.54 1 1
github.com/mnestor/ssoossh/pam_ssoossh/checks.go:94.54,96.3 1 1
github.com/mnestor/ssoossh/pam_ssoossh/checks.go:97.2,97.12 1 1
github.com/mnestor/ssoossh/pam_ssoossh/checks.go:107.95,111.44 3 1
github.com/mnestor/ssoossh/pam_ssoossh/checks.go:111.44,114.3 2 1
github.com/mnestor/ssoossh/pam_ssoossh/checks.go:115.2,115.43 1 1
github.com/mnestor/ssoossh/pam_ssoossh/checks.go:115.43,118.3 2 1
github.com/mnestor/ssoossh/pam_ssoossh/checks.go:119.2,119.12 1 1
github.com/mnestor/ssoossh/pam_ssoossh/conversation.go:72.50,76.65 3 0
github.com/mnestor/ssoossh/pam_ssoossh/conversation.go:76.65,78.3 1 0
github.com/mnestor/ssoossh/pam_ssoossh/conversation.go:79.2,79.12 1 0
github.com/mnestor/ssoossh/pam_ssoossh/logger.go:29.56,30.17 1 1
github.com/mnestor/ssoossh/pam_ssoossh/logger.go:31.14,32.43 1 1
github.com/mnestor/ssoossh/pam_ssoossh/logger.go:33.16,34.46 1 1
github.com/mnestor/ssoossh/pam_ssoossh/logger.go:37.55,39.2 1 1
github.com/mnestor/ssoossh/pam_ssoossh/logger.go:40.57,42.2 1 1
github.com/mnestor/ssoossh/pam_ssoossh/logger.go:43.58,45.2 1 1
github.com/mnestor/ssoossh/pam_ssoossh/logger.go:46.56,48.2 1 1
github.com/mnestor/ssoossh/pam_ssoossh/logger.go:49.43,49.65 1 1
github.com/mnestor/ssoossh/pam_ssoossh/logger.go:50.43,50.58 1 1
github.com/mnestor/ssoossh/pam_ssoossh/logger.go:59.54,60.17 1 1
github.com/mnestor/ssoossh/pam_ssoossh/logger.go:61.14,62.37 1 1
github.com/mnestor/ssoossh/pam_ssoossh/logger.go:63.16,64.46 1 1
github.com/mnestor/ssoossh/pam_ssoossh/logger.go:67.56,67.93 1 1
github.com/mnestor/ssoossh/pam_ssoossh/logger.go:68.56,68.95 1 1
github.com/mnestor/ssoossh/pam_ssoossh/logger.go:69.56,69.93 1 1
github.com/mnestor/ssoossh/pam_ssoossh/logger.go:70.56,70.94 1 1
github.com/mnestor/ssoossh/pam_ssoossh/logger.go:71.56,71.71 1 1
github.com/mnestor/ssoossh/pam_ssoossh/logger.go:72.36,73.16 1 1
github.com/mnestor/ssoossh/pam_ssoossh/logger.go:73.16,75.3 1 1
github.com/mnestor/ssoossh/pam_ssoossh/logger.go:76.2,76.12 1 1
github.com/mnestor/ssoossh/pam_ssoossh/logger.go:81.36,82.64 1 1
github.com/mnestor/ssoossh/pam_ssoossh/logger.go:82.64,85.3 1 0
github.com/mnestor/ssoossh/pam_ssoossh/logger.go:95.2,96.45 2 1
github.com/mnestor/ssoossh/pam_ssoossh/pam.go:43.52,46.26 3 0
github.com/mnestor/ssoossh/pam_ssoossh/pam.go:46.26,48.3 1 0
github.com/mnestor/ssoossh/pam_ssoossh/pam.go:49.2,49.35 1 0
github.com/mnestor/ssoossh/pam_ssoossh/pam_ssoossh.go:31.87,32.17 1 0
github.com/mnestor/ssoossh/pam_ssoossh/pam_ssoossh.go:32.17,34.3 1 0
github.com/mnestor/ssoossh/pam_ssoossh/pam_ssoossh.go:36.2,37.16 2 0
github.com/mnestor/ssoossh/pam_ssoossh/pam_ssoossh.go:37.16,40.3 1 0
github.com/mnestor/ssoossh/pam_ssoossh/pam_ssoossh.go:42.2,58.26 6 0
github.com/mnestor/ssoossh/pam_ssoossh/pam_ssoossh.go:58.26,60.3 1 0
github.com/mnestor/ssoossh/pam_ssoossh/pam_ssoossh.go:61.2,79.16 10 0
github.com/mnestor/ssoossh/pam_ssoossh/pam_ssoossh.go:79.16,81.3 1 0
github.com/mnestor/ssoossh/pam_ssoossh/pam_ssoossh.go:89.2,89.27 1 0
github.com/mnestor/ssoossh/pam_ssoossh/pam_ssoossh.go:89.27,91.3 1 0
github.com/mnestor/ssoossh/pam_ssoossh/pam_ssoossh.go:93.2,93.23 1 0
github.com/mnestor/ssoossh/pam_ssoossh/pam_ssoossh.go:96.14,96.15 0 0
